======================================================================
GPU 0: NVIDIA GeForce RTX 3060 Ti
  Multi-Processor Count: 38
  Max Threads Per Multi-Processor: 1536
  Warp Size: 32
  Max Threads Per Block: 1024
  Compute Capability: 8.6
  Number of Multi-Processors: 38
  Number of CUDA Cores Per SM: 128
  Total Number of CUDA Cores: 4864

CPU: 12th Gen Intel(R) Core(TM) i9-12900
  Number of Physical Cores: 16
  Number of Logical Cores: 24

Visual Studio: 2022 (v143), MSC_VER: 1944
CUDA Version: 12.5
======================================================================
transSetFile: E:\2026 Tensor Core for FIM\Kimi_work\github_package\TensorFIM\data\small\accidents.txt
dimension: 468
transNum: 340183
itemIDmin: 1
itemIDmax: 23
transLengthMin: 18
transLengthMax: 51
transLengthMean: 33.8079

supportThreshold: 0.5

dimensionReduced: 24
transNumReduced: 340183
transLengthReducedMin: 5
transLengthReducedMax: 24
transLengthReducedMean: 18.6328

CPU_test_duration: 14.3136; GPU_test_duration: 139.576; GPUpercentage: 9.30123
============================List of MFIs:=============================
1th: 9 { 43 31 29 27 21 18 17 16 12 }   support:0.560634  frequency: 190718
2th: 8 { 43 31 24 18 17 16 12 8 }   support:0.554325  frequency: 188572
3th: 7 { 41 31 25 18 17 16 12 }   support:0.552362  frequency: 187904
4th: 8 { 43 31 29 28 18 17 16 12 }   support:0.552326  frequency: 187892
5th: 7 { 31 24 18 17 16 12 1 }   support:0.55088  frequency: 187400
6th: 7 { 31 29 22 18 17 16 12 }   support:0.548619  frequency: 186631
7th: 7 { 31 28 18 17 16 12 1 }   support:0.546165  frequency: 185796
8th: 8 { 59 41 31 29 18 17 16 12 }   support:0.545739  frequency: 185651
9th: 7 { 43 31 22 18 17 16 12 }   support:0.545168  frequency: 185457
10th: 8 { 59 43 41 31 18 17 16 12 }   support:0.544475  frequency: 185221
11th: 7 { 41 31 18 17 16 12 1 }   support:0.542205  frequency: 184449
12th: 7 { 31 18 17 16 15 12 1 }   support:0.541694  frequency: 184275
13th: 8 { 41 31 21 18 17 16 15 12 }   support:0.540494  frequency: 183867
14th: 9 { 41 31 29 27 21 18 17 16 12 }   support:0.538478  frequency: 183181
15th: 8 { 31 27 25 21 18 17 16 12 }   support:0.536367  frequency: 182463
16th: 8 { 41 31 29 18 17 16 15 12 }   support:0.534415  frequency: 181799
17th: 7 { 59 31 25 18 17 16 12 }   support:0.533239  frequency: 181399
18th: 8 { 41 31 29 24 18 17 16 12 }   support:0.533116  frequency: 181357
19th: 9 { 31 29 27 21 18 17 16 15 12 }   support:0.532237  frequency: 181058
20th: 8 { 41 31 24 21 18 17 16 12 }   support:0.531346  frequency: 180755
21th: 8 { 31 24 21 18 17 16 15 12 }   support:0.529794  frequency: 180227
22th: 8 { 31 29 25 21 18 17 16 12 }   support:0.528216  frequency: 179690
23th: 7 { 31 28 22 18 17 16 12 }   support:0.52751  frequency: 179450
24th: 8 { 41 31 29 28 18 17 16 12 }   support:0.527443  frequency: 179427
25th: 7 { 29 25 24 18 17 16 12 }   support:0.527257  frequency: 179364
26th: 7 { 25 24 18 17 16 12 8 }   support:0.527081  frequency: 179304
27th: 8 { 41 31 28 21 18 17 16 12 }   support:0.526555  frequency: 179125
28th: 5 { 30 18 17 16 12 }   support:0.526387  frequency: 179068
29th: 7 { 21 18 17 16 15 14 12 }   support:0.525547  frequency: 178782
30th: 8 { 43 31 25 21 18 17 16 12 }   support:0.52537  frequency: 178722
31th: 6 { 27 18 17 16 14 12 }   support:0.525294  frequency: 178696
32th: 8 { 31 28 21 18 17 16 15 12 }   support:0.525067  frequency: 178619
33th: 8 { 31 29 24 18 17 16 15 12 }   support:0.524638  frequency: 178473
34th: 8 { 43 31 29 25 18 17 16 12 }   support:0.524635  frequency: 178472
35th: 7 { 31 21 18 17 16 14 12 }   support:0.524576  frequency: 178452
36th: 8 { 31 29 28 24 18 17 16 12 }   support:0.523301  frequency: 178018
37th: 8 { 31 28 24 18 17 16 12 8 }   support:0.523142  frequency: 177964
38th: 9 { 43 41 31 27 21 18 17 16 12 }   support:0.522948  frequency: 177898
39th: 8 { 43 41 31 18 17 16 15 12 }   support:0.522795  frequency: 177846
40th: 6 { 43 38 18 17 16 12 }   support:0.522592  frequency: 177777
41th: 7 { 31 22 18 17 16 15 12 }   support:0.522531  frequency: 177756
42th: 8 { 43 41 31 24 18 17 16 12 }   support:0.522292  frequency: 177675
43th: 9 { 31 29 27 24 21 18 17 16 12 }   support:0.521578  frequency: 177432
44th: 7 { 29 28 25 18 17 16 12 }   support:0.521558  frequency: 177425
45th: 8 { 31 28 24 21 18 17 16 12 }   support:0.521399  frequency: 177371
46th: 7 { 43 27 25 18 17 16 12 }   support:0.521316  frequency: 177343
47th: 8 { 43 31 28 24 18 17 16 12 }   support:0.521314  frequency: 177342
48th: 7 { 41 31 22 18 17 16 12 }   support:0.521128  frequency: 177279
49th: 7 { 43 25 18 17 16 15 12 }   support:0.520949  frequency: 177218
50th: 7 { 63 31 21 18 17 16 12 }   support:0.520902  frequency: 177202
51th: 8 { 43 41 31 28 18 17 16 12 }   support:0.520796  frequency: 177166
52th: 7 { 25 24 21 18 17 16 12 }   support:0.520617  frequency: 177105
53th: 9 { 43 31 27 21 18 17 16 15 12 }   support:0.520202  frequency: 176964
54th: 8 { 31 27 21 18 17 16 12 1 }   support:0.520108  frequency: 176932
55th: 7 { 25 21 18 17 16 15 12 }   support:0.519553  frequency: 176743
56th: 7 { 63 31 29 18 17 16 12 }   support:0.51925  frequency: 176640
57th: 6 { 63 27 18 17 16 12 }   support:0.519197  frequency: 176622
58th: 8 { 41 31 24 18 17 16 12 8 }   support:0.518853  frequency: 176505
59th: 7 { 59 31 18 17 16 12 1 }   support:0.518688  frequency: 176449
60th: 8 { 43 29 24 18 17 16 12 8 }   support:0.518198  frequency: 176282
61th: 8 { 59 31 21 18 17 16 15 12 }   support:0.517974  frequency: 176206
62th: 7 { 29 18 17 16 15 14 12 }   support:0.517942  frequency: 176195
63th: 8 { 31 29 28 18 17 16 15 12 }   support:0.51786  frequency: 176167
64th: 8 { 41 31 27 18 17 16 15 12 }   support:0.517692  frequency: 176110
65th: 8 { 43 31 24 18 17 16 15 12 }   support:0.517198  frequency: 175942
66th: 7 { 28 25 21 18 17 16 12 }   support:0.516948  frequency: 175857
67th: 7 { 29 27 25 18 17 16 12 }   support:0.516707  frequency: 175775
68th: 6 { 31 18 17 16 12 10 }   support:0.516313  frequency: 175641
69th: 7 { 43 18 17 16 15 14 12 }   support:0.516152  frequency: 175586
70th: 7 { 29 25 18 17 16 15 12 }   support:0.515866  frequency: 175489
71th: 7 { 31 29 18 17 16 14 12 }   support:0.515866  frequency: 175489
72th: 8 { 31 24 18 17 16 15 12 8 }   support:0.515605  frequency: 175400
73th: 8 { 43 31 28 18 17 16 15 12 }   support:0.515311  frequency: 175300
74th: 8 { 59 31 24 21 18 17 16 12 }   support:0.515005  frequency: 175196
75th: 7 { 38 31 21 18 17 16 12 }   support:0.51437  frequency: 174980
76th: 7 { 29 22 21 18 17 16 12 }   support:0.513577  frequency: 174710
77th: 6 { 63 24 18 17 16 12 }   support:0.513568  frequency: 174707
78th: 9 { 43 41 31 29 21 18 17 16 12 }   support:0.513538  frequency: 174697
79th: 7 { 43 31 18 17 16 14 12 }   support:0.513438  frequency: 174663
80th: 7 { 31 24 22 18 17 16 12 }   support:0.512936  frequency: 174492
81th: 9 { 59 31 29 27 21 18 17 16 12 }   support:0.512166  frequency: 174230
82th: 9 { 59 43 31 27 21 18 17 16 12 }   support:0.512063  frequency: 174195
83th: 8 { 43 24 21 18 17 16 12 8 }   support:0.511657  frequency: 174057
84th: 9 { 43 31 27 24 21 18 17 16 12 }   support:0.511563  frequency: 174025
85th: 6 { 38 27 18 17 16 12 }   support:0.511507  frequency: 174006
86th: 8 { 59 43 31 24 18 17 16 12 }   support:0.511251  frequency: 173919
87th: 7 { 59 41 28 18 17 16 12 }   support:0.511019  frequency: 173840
88th: 6 { 28 25 24 18 17 12 }   support:0.510901  frequency: 173800
89th: 8 { 59 31 29 24 18 17 16 12 }   support:0.510881  frequency: 173793
90th: 8 { 31 29 21 18 17 16 12 1 }   support:0.51034  frequency: 173609
91th: 7 { 43 29 18 17 16 12 1 }   support:0.50984  frequency: 173439
92th: 5 { 63 18 17 15 12 }   support:0.509811  frequency: 173429
93th: 8 { 41 27 21 18 17 16 15 12 }   support:0.509796  frequency: 173424
94th: 8 { 59 43 31 18 17 16 15 12 }   support:0.509764  frequency: 173413
95th: 6 { 24 18 17 16 14 12 }   support:0.509611  frequency: 173361
96th: 5 { 63 28 18 17 12 }   support:0.509517  frequency: 173329
97th: 7 { 63 43 31 18 17 16 12 }   support:0.509335  frequency: 173267
98th: 6 { 63 27 21 18 17 12 }   support:0.508891  frequency: 173116
99th: 7 { 59 27 18 17 16 15 12 }   support:0.508617  frequency: 173023
100th: 7 { 28 27 24 18 17 16 12 }   support:0.508297  frequency: 172914
101th: 5 { 31 30 18 17 12 }   support:0.508294  frequency: 172913
102th: 9 { 31 29 28 27 21 18 17 16 12 }   support:0.508115  frequency: 172852
103th: 7 { 59 41 31 28 18 17 12 }   support:0.508097  frequency: 172846
104th: 8 { 59 31 29 18 17 16 15 12 }   support:0.507874  frequency: 172770
105th: 8 { 59 41 29 21 18 17 16 12 }   support:0.507874  frequency: 172770
106th: 6 { 24 21 18 17 12 1 }   support:0.507862  frequency: 172766
107th: 9 { 59 41 31 27 21 18 17 16 12 }   support:0.507853  frequency: 172763
108th: 8 { 43 29 28 21 18 17 16 12 }   support:0.507838  frequency: 172758
109th: 4 { 23 18 17 12 }   support:0.5078  frequency: 172745
110th: 6 { 28 18 17 16 14 12 }   support:0.507797  frequency: 172744
111th: 7 { 24 18 17 16 12 8 1 }   support:0.507768  frequency: 172734
112th: 8 { 59 41 31 29 21 18 17 12 }   support:0.507624  frequency: 172685
113th: 6 { 59 22 18 17 16 12 }   support:0.507445  frequency: 172624
114th: 7 { 31 29 28 25 18 17 12 }   support:0.50733  frequency: 172585
115th: 8 { 59 43 31 28 18 17 16 12 }   support:0.507271  frequency: 172565
116th: 8 { 43 31 28 25 18 17 16 12 }   support:0.507077  frequency: 172499
117th: 7 { 31 25 22 18 17 16 12 }   support:0.50668  frequency: 172364
118th: 8 { 59 31 28 21 18 17 16 12 }   support:0.506677  frequency: 172363
119th: 7 { 43 29 27 18 17 15 12 }   support:0.506474  frequency: 172294
120th: 7 { 43 27 25 21 18 17 12 }   support:0.505693  frequency: 172028
121th: 7 { 38 31 29 18 17 16 12 }   support:0.505613  frequency: 172001
122th: 7 { 41 29 21 18 17 15 12 }   support:0.505604  frequency: 171998
123th: 7 { 43 41 25 18 17 16 12 }   support:0.505457  frequency: 171948
124th: 7 { 43 41 29 27 18 17 12 }   support:0.505443  frequency: 171943
125th: 6 { 41 25 21 18 17 12 }   support:0.505319  frequency: 171901
126th: 8 { 31 25 18 17 16 15 14 12 }   support:0.505313  frequency: 171899
127th: 6 { 43 24 18 17 12 1 }   support:0.505302  frequency: 171895
128th: 6 { 29 24 18 17 12 1 }   support:0.505225  frequency: 171869
129th: 9 { 43 31 29 24 21 18 17 16 12 }   support:0.50516  frequency: 171847
130th: 7 { 43 29 27 24 18 17 12 }   support:0.505087  frequency: 171822
131th: 7 { 31 28 25 21 18 17 12 }   support:0.505084  frequency: 171821
132th: 7 { 28 27 21 18 17 15 12 }   support:0.505008  frequency: 171795
133th: 6 { 43 38 31 18 17 12 }   support:0.504984  frequency: 171787
134th: 6 { 59 27 24 18 17 12 }   support:0.504514  frequency: 171627
135th: 7 { 29 24 21 18 17 15 12 }   support:0.504443  frequency: 171603
136th: 6 { 28 25 18 17 15 12 }   support:0.504381  frequency: 171582
137th: 7 { 29 27 25 21 18 17 12 }   support:0.504193  frequency: 171518
138th: 8 { 41 31 27 21 18 17 15 12 }   support:0.503849  frequency: 171401
139th: 8 { 43 31 21 18 17 16 12 1 }   support:0.503817  frequency: 171390
140th: 7 { 41 28 18 17 16 15 12 }   support:0.503679  frequency: 171343
141th: 7 { 59 43 41 29 18 17 12 }   support:0.503617  frequency: 171322
142th: 8 { 27 24 21 18 17 16 15 12 }   support:0.503538  frequency: 171295
143th: 6 { 59 31 22 18 17 12 }   support:0.503508  frequency: 171285
144th: 7 { 59 31 27 18 17 15 12 }   support:0.503482  frequency: 171276
145th: 7 { 43 31 29 18 17 12 8 }   support:0.5034  frequency: 171248
146th: 7 { 31 25 24 18 17 12 8 }   support:0.503323  frequency: 171222
147th: 7 { 31 29 25 24 18 17 12 }   support:0.503317  frequency: 171220
148th: 8 { 59 43 41 21 18 17 16 12 }   support:0.503261  frequency: 171201
149th: 8 { 59 41 31 18 17 16 15 12 }   support:0.50325  frequency: 171197
150th: 8 { 31 27 22 21 18 17 16 12 }   support:0.503214  frequency: 171185
151th: 5 { 29 18 17 12 10 }   support:0.503197  frequency: 171179
152th: 6 { 59 28 27 18 17 12 }   support:0.503029  frequency: 171122
153th: 7 { 31 25 18 17 16 12 1 }   support:0.503006  frequency: 171114
154th: 7 { 41 27 24 21 18 17 12 }   support:0.503003  frequency: 171113
155th: 9 { 31 27 24 21 18 17 16 12 8 }   support:0.502976  frequency: 171104
156th: 6 { 63 29 21 18 17 12 }   support:0.502953  frequency: 171096
157th: 6 { 27 21 18 17 14 12 }   support:0.502847  frequency: 171060
158th: 8 { 59 41 31 24 18 17 16 12 }   support:0.502747  frequency: 171026
159th: 6 { 22 18 17 16 12 1 }   support:0.502738  frequency: 171023
160th: 7 { 43 22 21 18 17 16 12 }   support:0.502697  frequency: 171009
161th: 7 { 31 29 22 21 18 17 12 }   support:0.502621  frequency: 170983
162th: 6 { 21 18 17 15 12 1 }   support:0.502594  frequency: 170974
163th: 7 { 41 29 25 18 17 16 12 }   support:0.5025  frequency: 170942
164th: 9 { 31 29 24 21 18 17 16 12 8 }   support:0.502444  frequency: 170923
165th: 9 { 43 31 29 21 18 17 16 15 12 }   support:0.502441  frequency: 170922
166th: 6 { 31 18 17 12 8 1 }   support:0.502186  frequency: 170835
167th: 9 { 59 43 31 29 21 18 17 16 12 }   support:0.502168  frequency: 170829
168th: 7 { 41 29 24 21 18 17 12 }   support:0.502156  frequency: 170825
169th: 8 { 31 27 24 18 17 16 15 12 }   support:0.501874  frequency: 170729
170th: 8 { 59 43 41 31 21 18 17 12 }   support:0.501771  frequency: 170694
171th: 6 { 38 27 21 18 17 12 }   support:0.501724  frequency: 170678
172th: 8 { 59 31 29 28 18 17 16 12 }   support:0.501718  frequency: 170676
173th: 8 { 41 31 27 24 18 17 16 12 }   support:0.501639  frequency: 170649
174th: 9 { 43 31 28 27 21 18 17 16 12 }   support:0.501554  frequency: 170620
175th: 7 { 41 28 24 18 17 16 12 }   support:0.50138  frequency: 170561
176th: 6 { 63 41 18 17 16 12 }   support:0.501374  frequency: 170559
177th: 7 { 31 25 21 18 17 15 12 }   support:0.501333  frequency: 170545
178th: 8 { 59 31 24 18 17 16 12 8 }   support:0.501283  frequency: 170528
179th: 7 { 29 27 24 18 17 12 8 }   support:0.50121  frequency: 170503
180th: 7 { 28 24 18 17 16 15 12 }   support:0.501198  frequency: 170499
181th: 6 { 43 29 22 18 17 12 }   support:0.501101  frequency: 170466
182th: 5 { 28 21 17 12 1 }   support:0.501004  frequency: 170433
183th: 8 { 31 28 27 18 17 16 15 12 }   support:0.500822  frequency: 170371
184th: 7 { 43 31 29 18 17 12 1 }   support:0.50073  frequency: 170340
185th: 7 { 43 31 29 28 21 17 12 }   support:0.500713  frequency: 170334
186th: 5 { 43 28 17 12 1 }   support:0.500666  frequency: 170318
187th: 7 { 43 31 25 18 17 15 12 }   support:0.50066  frequency: 170316
188th: 6 { 27 25 18 17 15 12 }   support:0.500639  frequency: 170309
189th: 6 { 43 29 25 21 17 12 }   support:0.500554  frequency: 170280
190th: 5 { 31 30 17 16 12 }   support:0.500551  frequency: 170279
191th: 6 { 41 21 18 17 12 1 }   support:0.500448  frequency: 170244
192th: 3 { 30 21 17 }   support:0.500448  frequency: 170244
193th: 4 { 25 24 17 15 }   support:0.500448  frequency: 170244
194th: 5 { 31 28 27 24 17 }   support:0.500445  frequency: 170243
195th: 7 { 41 28 27 21 18 17 12 }   support:0.500328  frequency: 170203
196th: 6 { 27 21 17 16 14 12 }   support:0.500275  frequency: 170185
197th: 8 { 41 31 28 27 18 17 16 12 }   support:0.500248  frequency: 170176
198th: 6 { 31 25 24 21 17 12 }   support:0.500243  frequency: 170174
199th: 6 { 43 31 29 24 17 8 }   support:0.500219  frequency: 170166
200th: 6 { 24 21 17 16 12 1 }   support:0.50021  frequency: 170163
201th: 7 { 41 24 18 17 16 15 12 }   support:0.50021  frequency: 170163
202th: 6 { 59 43 25 18 17 12 }   support:0.500178  frequency: 170152
203th: 7 { 31 25 18 17 16 12 8 }   support:0.500137  frequency: 170138
204th: 5 { 28 25 24 17 16 }   support:0.500128  frequency: 170135
205th: 5 { 28 21 18 17 1 }   support:0.500128  frequency: 170135
206th: 5 { 27 17 15 14 12 }   support:0.500122  frequency: 170133
207th: 4 { 63 17 16 15 }   support:0.500107  frequency: 170128
208th: 6 { 43 31 21 17 12 8 }   support:0.500107  frequency: 170128
209th: 6 { 41 31 28 17 15 12 }   support:0.500107  frequency: 170128
210th: 6 { 27 21 18 17 16 14 }   support:0.500101  frequency: 170126
211th: 8 { 43 31 25 24 18 17 16 12 }   support:0.500066  frequency: 170114
212th: 3 { 63 31 27 }   support:0.500051  frequency: 170109
213th: 4 { 41 31 28 24 }   support:0.500031  frequency: 170102
214th: 6 { 27 21 18 16 14 12 }   support:0.500019  frequency: 170098
215th: 6 { 59 41 31 28 17 16 }   support:0.500013  frequency: 170096
216th: 4 { 27 18 15 14 }   support:0.500001  frequency: 170092
======================================================================
preprocessing_time(s): 0.049
computation_time(s): 0.037963
total_time(s): 0.086963

MFIsNumber: 216
======================================================================


