======================================================================
GPU 0: NVIDIA GeForce RTX 3060 Ti
  Multi-Processor Count: 38
  Max Threads Per Multi-Processor: 1536
  Warp Size: 32
  Max Threads Per Block: 1024
  Compute Capability: 8.6
  Number of Multi-Processors: 38
  Number of CUDA Cores Per SM: 128
  Total Number of CUDA Cores: 4864

CPU: 12th Gen Intel(R) Core(TM) i9-12900
  Number of Physical Cores: 16
  Number of Logical Cores: 24

Visual Studio: 2022 (v143), MSC_VER: 1944
CUDA Version: 12.5
======================================================================
transSetFile: E:\2026 Tensor Core for FIM\Kimi_work\github_package\TensorFIM\data\small\retail.txt
dimension: 16470
transNum: 88162
itemIDmin: 1
itemIDmax: 69
transLengthMin: 1
transLengthMax: 76
transLengthMean: 10.3058

supportThreshold: 0.01

dimensionReduced: 70
transNumReduced: 78831
transLengthReducedMin: 1
transLengthReducedMax: 15
transLengthReducedMean: 3.00089

CPU_test_duration: 8.4283; GPU_test_duration: 126.338; GPUpercentage: 6.25399
============================List of MFIs:=============================
1th: 3 { 90 49 40 }   support:0.0241034  frequency: 2125
2th: 4 { 49 42 40 39 }   support:0.0225834  frequency: 1991
3th: 3 { 66 49 40 }   support:0.0203829  frequency: 1797
4th: 4 { 49 42 40 33 }   support:0.0186702  frequency: 1646
5th: 2 { 272 40 }   support:0.0162655  frequency: 1434
6th: 3 { 226 49 40 }   support:0.0158799  frequency: 1400
7th: 1 { 186 }   support:0.0156076  frequency: 1376
8th: 1 { 10 }   support:0.0155623  frequency: 1372
9th: 3 { 311 49 40 }   support:0.0152787  frequency: 1347
10th: 1 { 16011 }   support:0.0149271  frequency: 1316
11th: 1 { 124 }   support:0.0147683  frequency: 1302
12th: 1 { 14099 }   support:0.0146435  frequency: 1291
13th: 2 { 2239 40 }   support:0.0145981  frequency: 1287
14th: 1 { 339 }   support:0.0144507  frequency: 1274
15th: 2 { 439 40 }   support:0.0142919  frequency: 1260
16th: 3 { 238 49 40 }   support:0.0141104  frequency: 1244
17th: 4 { 49 40 39 33 }   support:0.0140196  frequency: 1236
18th: 1 { 593 }   support:0.0139176  frequency: 1227
19th: 1 { 825 }   support:0.0137247  frequency: 1210
20th: 1 { 605 }   support:0.0137134  frequency: 1209
21th: 1 { 302 }   support:0.0136567  frequency: 1204
22th: 2 { 271 40 }   support:0.0135432  frequency: 1194
23th: 4 { 171 49 40 39 }   support:0.0135319  frequency: 1193
24th: 1 { 741 }   support:0.0133958  frequency: 1181
25th: 1 { 16218 }   support:0.0132257  frequency: 1166
26th: 1 { 1394 }   support:0.0131689  frequency: 1161
27th: 1 { 250 }   support:0.0131576  frequency: 1160
28th: 2 { 1328 40 }   support:0.0131122  frequency: 1156
29th: 1 { 15833 }   support:0.0129648  frequency: 1143
30th: 1 { 549 }   support:0.0128967  frequency: 1137
31th: 2 { 148 40 }   support:0.0128967  frequency: 1137
32th: 2 { 414 49 }   support:0.012874  frequency: 1135
33th: 1 { 202 }   support:0.0128513  frequency: 1133
34th: 2 { 414 40 }   support:0.0128173  frequency: 1130
35th: 1 { 50 }   support:0.0127039  frequency: 1120
36th: 1 { 590 }   support:0.0126925  frequency: 1119
37th: 2 { 287 39 }   support:0.0126585  frequency: 1116
38th: 2 { 80 40 }   support:0.0126018  frequency: 1111
39th: 1 { 678 }   support:0.0125905  frequency: 1110
40th: 1 { 1005 }   support:0.0124997  frequency: 1102
41th: 3 { 476 49 40 }   support:0.0123863  frequency: 1092
42th: 2 { 272 49 }   support:0.0123636  frequency: 1090
43th: 4 { 49 40 39 37 }   support:0.0122502  frequency: 1080
44th: 1 { 79 }   support:0.0120233  frequency: 1060
45th: 2 { 256 49 }   support:0.0119893  frequency: 1057
46th: 2 { 256 40 }   support:0.0119893  frequency: 1057
47th: 1 { 13042 }   support:0.0119212  frequency: 1051
48th: 2 { 39 38 }   support:0.0118645  frequency: 1046
49th: 2 { 148 49 }   support:0.0117511  frequency: 1036
50th: 4 { 111 49 40 39 }   support:0.0116944  frequency: 1031
51th: 1 { 118 }   support:0.0116377  frequency: 1026
52th: 2 { 439 49 }   support:0.0116263  frequency: 1025
53th: 1 { 162 }   support:0.0114562  frequency: 1010
54th: 1 { 20 }   support:0.0113995  frequency: 1005
55th: 1 { 180 }   support:0.0113201  frequency: 998
56th: 2 { 66 42 }   support:0.011286  frequency: 995
57th: 1 { 259 }   support:0.0111953  frequency: 987
58th: 2 { 61 40 }   support:0.0111499  frequency: 983
59th: 2 { 1147 40 }   support:0.0111499  frequency: 983
60th: 1 { 523 }   support:0.0110478  frequency: 974
61th: 1 { 176 }   support:0.0110025  frequency: 970
62th: 2 { 1328 49 }   support:0.0109798  frequency: 968
63th: 1 { 784 }   support:0.0109458  frequency: 965
64th: 2 { 271 49 }   support:0.010855  frequency: 957
65th: 2 { 2239 49 }   support:0.0108323  frequency: 955
66th: 1 { 3271 }   support:0.0107756  frequency: 950
67th: 3 { 102 49 40 }   support:0.0107302  frequency: 946
68th: 2 { 12926 40 }   support:0.0106395  frequency: 938
69th: 1 { 480 }   support:0.0105034  frequency: 926
70th: 2 { 534 40 }   support:0.010458  frequency: 922
71th: 1 { 32 }   support:0.0104353  frequency: 920
72th: 1 { 957 }   support:0.0103333  frequency: 911
73th: 1 { 243 }   support:0.0103333  frequency: 911
74th: 1 { 46 }   support:0.0103333  frequency: 911
75th: 1 { 2959 }   support:0.0102539  frequency: 904
76th: 1 { 265 }   support:0.0101518  frequency: 895
77th: 2 { 80 49 }   support:0.0101291  frequency: 893
78th: 1 { 10516 }   support:0.0100043  frequency: 882
======================================================================
preprocessing_time(s): 0.004
computation_time(s): 0.0011831
total_time(s): 0.0051831

MFIsNumber: 78
======================================================================


